Building Map Error Log
Generated: 2025-01-06T06:23:50.221Z
Building: Example Building
Total Errors: 0

Errors:
{
  "creator": "RoomMapper",
  "totalRooms": 3,
  "totalFloors": 2,
  "errors": 0
}
